[backblue.gif]
[fade.gif]
[index.html]
[capxrecovery.com/camp/images/favicon.png]
[capxrecovery.com/camp/images/crypto.jpg]
[cdn.jsdelivr.net/npm/intl-tel-input@20.0.4/build/css/intlTelInput.css]
[cdnjs.cloudflare.com/ajax/libs/jquery/3.4.1/jquery.min.js]
[cdn.jsdelivr.net/npm/intl-tel-input@20.0.4/build/js/intlTelInput.min.js]
[capxrecovery.com/camp/images/features-1.jpg]
[capxrecovery.com/camp/images/features-4.jpg]
[capxrecovery.com/camp/images/features-5.jpg]
[capxrecovery.com/camp/images/features-2.jpg]
[capxrecovery.com/camp/images/features-6.jpg]
[capxrecovery.com/camp/images/why-us.png]
[ajax.googleapis.com/ajax/libs/jquery/3.7.1/jquery.min.js]
[cdn.jsdelivr.net/npm/bootstrap@5.2.3/dist/js/bootstrap.bundle.min.js]
[cdn.jsdelivr.net/gh/michalsnik/aos@2.0.4/dist/aos.js]
[capxrecovery.com/camp/js/scripts.js]
[ajax.googleapis.com/ajax/libs/jquery/1.12.4/jquery.min.js]
[code.jquery.com/jquery-3.6.0.min.js]
[cdnjs.cloudflare.com/ajax/libs/OwlCarousel2/2.3.4/owl.carousel.min.js]
[capxrecovery.com/camp/cryptocurrency-scam-recovery3f7e.html]
[cdn.jsdelivr.net/npm/bootstrap@5.3.3/dist/js/bootstrap.bundle.min.js]
[cdn.jsdelivr.net/gh/michalsnik/aos@2.0.4/dist/aos.css]
[capxrecovery.com/camp/images/aboutbg.jpg]
[capxrecovery.com/camp/images/itembg01.jpg]
[capxrecovery.com/camp/images/itembg02.jpg]
[capxrecovery.com/camp/images/itembg03.jpg]
[capxrecovery.com/camp/images/itembg04.jpg]
[capxrecovery.com/camp/css/styles126b.css]
[capxrecovery.com/camp/images/logo.svg]
[capxrecovery.com/camp/images/hamburger-icon.svg]
[capxrecovery.com/camp/images/Group 922.svg]
[capxrecovery.com/camp/css/styles.css]
[cdn.jsdelivr.net/npm/intl-tel-input@20.0.4/build/img/flagsc4ca.png]
[cdn.jsdelivr.net/npm/intl-tel-input@20.0.4/build/img/flags@2xc4ca.png]
[cdn.jsdelivr.net/npm/intl-tel-input@20.0.4/build/img/globe.png]
[cdn.jsdelivr.net/npm/intl-tel-input@20.0.4/build/img/globe@2x.png]
[cdn.jsdelivr.net/npm/intl-tel-input@20.0.4/build/css/intlTelInput.css]
[capxrecovery.com/camp/images/testimonial.svg]
[capxrecovery.com/camp/images/mail.svg]
[capxrecovery.com/camp/images/call.svg]
[capxrecovery.com/camp/images/location.svg]
[cdn.jsdelivr.net/gh/michalsnik/aos@2.0.4/dist/aos.css]
[capxrecovery.com/camp/assets/bannerbg.html]
[capxrecovery.com/camp/images/max-recovery.svg]
[capxrecovery.com/camp/images/free-consult.svg]
[capxrecovery.com/camp/images/easy-process.svg]
[capxrecovery.com/camp/images/no-win-no-fee.svg]
[capxrecovery.com/camp/images/privacy.svg]
[capxrecovery.com/camp/images/24-7.svg]
[capxrecovery.com/camp/images/max-recovery-h.svg]
[capxrecovery.com/camp/images/free-consult-h.svg]
[capxrecovery.com/camp/images/easy-process-h.svg]
[capxrecovery.com/camp/images/no-win-no-fee-h.svg]
[capxrecovery.com/camp/images/privacy-h.svg]
[capxrecovery.com/camp/images/24-7-h.svg]
[capxrecovery.com/camp/assets/footprint-bg.html]
[capxrecovery.com/camp/assets/bannerbg-2.html]
